// Jest Snapshot v1, https://goo.gl/fbAQLP

exports[`Get movie details section renders correctly on movie page 1`] = `
<h1>
  Locading
</h1>
`;
