// Jest Snapshot v1, https://goo.gl/fbAQLP

exports[`Login page renders correctly 1`] = `
<main
  className="MuiContainer-root MuiContainer-maxWidthXs"
>
  <div
    className="makeStyles-paper-547"
  >
    <div
      className="MuiAvatar-root MuiAvatar-circle makeStyles-avatar-548 MuiAvatar-colorDefault"
    >
      <svg
        aria-hidden={true}
        className="MuiSvgIcon-root"
        focusable="false"
        viewBox="0 0 24 24"
      >
        <path
          d="M18 8h-1V6c0-2.76-2.24-5-5-5S7 3.24 7 6v2H6c-1.1 0-2 .9-2 2v10c0 1.1.9 2 2 2h12c1.1 0 2-.9 2-2V10c0-1.1-.9-2-2-2zM9 6c0-1.66 1.34-3 3-3s3 1.34 3 3v2H9V6zm9 14H6V10h12v10zm-6-3c1.1 0 2-.9 2-2s-.9-2-2-2-2 .9-2 2 .9 2 2 2z"
        />
      </svg>
    </div>
    <h1
      className="MuiTypography-root MuiTypography-h5"
    >
      Sign in
    </h1>
    <form
      className="makeStyles-form-549"
      noValidate={true}
      onSubmit={[Function]}
    >
      <div
        className="MuiFormControl-root MuiTextField-root MuiFormControl-marginNormal MuiFormControl-fullWidth"
      >
        <label
          className="MuiFormLabel-root MuiInputLabel-root MuiInputLabel-formControl MuiInputLabel-animated MuiInputLabel-outlined Mui-required Mui-required"
          data-shrink={false}
          htmlFor="email"
          id="email-label"
        >
          Email Address
          <span
            aria-hidden={true}
            className="MuiFormLabel-asterisk MuiInputLabel-asterisk"
          >
             
            *
          </span>
        </label>
        <div
          className="MuiInputBase-root MuiOutlinedInput-root MuiInputBase-fullWidth MuiInputBase-formControl"
          onClick={[Function]}
        >
          <input
            aria-invalid={false}
            autoComplete="email"
            autoFocus={false}
            className="MuiInputBase-input MuiOutlinedInput-input"
            disabled={false}
            id="email"
            name="email"
            onAnimationStart={[Function]}
            onBlur={[Function]}
            onChange={[Function]}
            onFocus={[Function]}
            required={true}
            type="text"
          />
          <fieldset
            aria-hidden={true}
            className="PrivateNotchedOutline-root-663 MuiOutlinedInput-notchedOutline"
          >
            <legend
              className="PrivateNotchedOutline-legendLabelled-665"
            >
              <span>
                Email Address
                 *
              </span>
            </legend>
          </fieldset>
        </div>
      </div>
      <div
        className="MuiFormControl-root MuiTextField-root MuiFormControl-marginNormal MuiFormControl-fullWidth"
      >
        <label
          className="MuiFormLabel-root MuiInputLabel-root MuiInputLabel-formControl MuiInputLabel-animated MuiInputLabel-outlined Mui-required Mui-required"
          data-shrink={false}
          htmlFor="password"
          id="password-label"
        >
          Password
          <span
            aria-hidden={true}
            className="MuiFormLabel-asterisk MuiInputLabel-asterisk"
          >
             
            *
          </span>
        </label>
        <div
          className="MuiInputBase-root MuiOutlinedInput-root MuiInputBase-fullWidth MuiInputBase-formControl"
          onClick={[Function]}
        >
          <input
            aria-invalid={false}
            autoComplete="current-password"
            autoFocus={false}
            className="MuiInputBase-input MuiOutlinedInput-input"
            disabled={false}
            id="password"
            name="password"
            onAnimationStart={[Function]}
            onBlur={[Function]}
            onChange={[Function]}
            onFocus={[Function]}
            required={true}
            type="password"
          />
          <fieldset
            aria-hidden={true}
            className="PrivateNotchedOutline-root-663 MuiOutlinedInput-notchedOutline"
          >
            <legend
              className="PrivateNotchedOutline-legendLabelled-665"
            >
              <span>
                Password
                 *
              </span>
            </legend>
          </fieldset>
        </div>
      </div>
      <p
        className="MuiTypography-root MuiTypography-body1"
      >
        
      </p>
      <button
        className="MuiButtonBase-root MuiButton-root MuiButton-contained makeStyles-submit-550 MuiButton-containedPrimary MuiButton-fullWidth"
        disabled={false}
        onBlur={[Function]}
        onDragLeave={[Function]}
        onFocus={[Function]}
        onKeyDown={[Function]}
        onKeyUp={[Function]}
        onMouseDown={[Function]}
        onMouseLeave={[Function]}
        onMouseUp={[Function]}
        onTouchEnd={[Function]}
        onTouchMove={[Function]}
        onTouchStart={[Function]}
        tabIndex={0}
        type="submit"
      >
        <span
          className="MuiButton-label"
        >
          Sign In
        </span>
      </button>
      <div
        className="MuiGrid-root MuiGrid-container"
      >
        <div
          className="MuiGrid-root MuiGrid-item MuiGrid-grid-xs-true"
        >
          <a
            className="MuiTypography-root MuiLink-root MuiLink-underlineHover MuiTypography-body2 MuiTypography-colorPrimary"
            href="#"
            onBlur={[Function]}
            onFocus={[Function]}
          >
            Forgot password?
          </a>
        </div>
        <div
          className="MuiGrid-root MuiGrid-item"
        >
          <a
            className="MuiTypography-root MuiLink-root MuiLink-underlineHover MuiTypography-body2 MuiTypography-colorPrimary"
            href="/signup"
            onBlur={[Function]}
            onClick={[Function]}
            onFocus={[Function]}
          >
            Don't have an account? Sign Up
          </a>
        </div>
      </div>
    </form>
  </div>
  <div
    className="MuiBox-root MuiBox-root-809"
  >
    <p
      className="MuiTypography-root MuiTypography-body2 MuiTypography-colorTextSecondary MuiTypography-alignCenter"
    >
      Copyright © 
      <a
        className="MuiTypography-root MuiLink-root MuiLink-underlineHover MuiTypography-colorInherit"
        href="https://material-ui.com/"
        onBlur={[Function]}
        onFocus={[Function]}
      >
        Your Website
      </a>
       
      2020
      .
    </p>
  </div>
</main>
`;
