// Jest Snapshot v1, https://goo.gl/fbAQLP

exports[`Movie page renders correctly 1`] = `
<p>
  Loading
</p>
`;
